------------------------------------------------------------
TimeQuest Timing Analyzer Summary
------------------------------------------------------------

Type  : Slow 1200mV 85C Model Setup 'm_lab7_soc|sdram_pll|sd1|pll7|clk[0]'
Slack : 3.141
TNS   : 0.000

Type  : Slow 1200mV 85C Model Setup 'main_clk_50'
Slack : 6.769
TNS   : 0.000

Type  : Slow 1200mV 85C Model Setup 'altera_reserved_tck'
Slack : 47.004
TNS   : 0.000

Type  : Slow 1200mV 85C Model Hold 'main_clk_50'
Slack : 0.401
TNS   : 0.000

Type  : Slow 1200mV 85C Model Hold 'altera_reserved_tck'
Slack : 0.403
TNS   : 0.000

Type  : Slow 1200mV 85C Model Hold 'm_lab7_soc|sdram_pll|sd1|pll7|clk[0]'
Slack : 0.403
TNS   : 0.000

Type  : Slow 1200mV 85C Model Recovery 'main_clk_50'
Slack : 13.006
TNS   : 0.000

Type  : Slow 1200mV 85C Model Recovery 'm_lab7_soc|sdram_pll|sd1|pll7|clk[0]'
Slack : 13.281
TNS   : 0.000

Type  : Slow 1200mV 85C Model Recovery 'altera_reserved_tck'
Slack : 48.191
TNS   : 0.000

Type  : Slow 1200mV 85C Model Removal 'altera_reserved_tck'
Slack : 1.141
TNS   : 0.000

Type  : Slow 1200mV 85C Model Removal 'm_lab7_soc|sdram_pll|sd1|pll7|clk[0]'
Slack : 5.504
TNS   : 0.000

Type  : Slow 1200mV 85C Model Removal 'main_clk_50'
Slack : 5.861
TNS   : 0.000

Type  : Slow 1200mV 85C Model Minimum Pulse Width 'main_clk_50'
Slack : 9.629
TNS   : 0.000

Type  : Slow 1200mV 85C Model Minimum Pulse Width 'm_lab7_soc|sdram_pll|sd1|pll7|clk[0]'
Slack : 9.709
TNS   : 0.000

Type  : Slow 1200mV 85C Model Minimum Pulse Width 'altera_reserved_tck'
Slack : 49.634
TNS   : 0.000

Type  : Slow 1200mV 0C Model Setup 'm_lab7_soc|sdram_pll|sd1|pll7|clk[0]'
Slack : 3.692
TNS   : 0.000

Type  : Slow 1200mV 0C Model Setup 'main_clk_50'
Slack : 7.746
TNS   : 0.000

Type  : Slow 1200mV 0C Model Setup 'altera_reserved_tck'
Slack : 47.315
TNS   : 0.000

Type  : Slow 1200mV 0C Model Hold 'altera_reserved_tck'
Slack : 0.353
TNS   : 0.000

Type  : Slow 1200mV 0C Model Hold 'm_lab7_soc|sdram_pll|sd1|pll7|clk[0]'
Slack : 0.353
TNS   : 0.000

Type  : Slow 1200mV 0C Model Hold 'main_clk_50'
Slack : 0.353
TNS   : 0.000

Type  : Slow 1200mV 0C Model Recovery 'main_clk_50'
Slack : 13.609
TNS   : 0.000

Type  : Slow 1200mV 0C Model Recovery 'm_lab7_soc|sdram_pll|sd1|pll7|clk[0]'
Slack : 13.784
TNS   : 0.000

Type  : Slow 1200mV 0C Model Recovery 'altera_reserved_tck'
Slack : 48.445
TNS   : 0.000

Type  : Slow 1200mV 0C Model Removal 'altera_reserved_tck'
Slack : 1.037
TNS   : 0.000

Type  : Slow 1200mV 0C Model Removal 'm_lab7_soc|sdram_pll|sd1|pll7|clk[0]'
Slack : 4.901
TNS   : 0.000

Type  : Slow 1200mV 0C Model Removal 'main_clk_50'
Slack : 5.249
TNS   : 0.000

Type  : Slow 1200mV 0C Model Minimum Pulse Width 'main_clk_50'
Slack : 9.646
TNS   : 0.000

Type  : Slow 1200mV 0C Model Minimum Pulse Width 'm_lab7_soc|sdram_pll|sd1|pll7|clk[0]'
Slack : 9.709
TNS   : 0.000

Type  : Slow 1200mV 0C Model Minimum Pulse Width 'altera_reserved_tck'
Slack : 49.580
TNS   : 0.000

Type  : Fast 1200mV 0C Model Setup 'm_lab7_soc|sdram_pll|sd1|pll7|clk[0]'
Slack : 5.328
TNS   : 0.000

Type  : Fast 1200mV 0C Model Setup 'main_clk_50'
Slack : 11.782
TNS   : 0.000

Type  : Fast 1200mV 0C Model Setup 'altera_reserved_tck'
Slack : 48.706
TNS   : 0.000

Type  : Fast 1200mV 0C Model Hold 'main_clk_50'
Slack : 0.156
TNS   : 0.000

Type  : Fast 1200mV 0C Model Hold 'altera_reserved_tck'
Slack : 0.181
TNS   : 0.000

Type  : Fast 1200mV 0C Model Hold 'm_lab7_soc|sdram_pll|sd1|pll7|clk[0]'
Slack : 0.181
TNS   : 0.000

Type  : Fast 1200mV 0C Model Recovery 'main_clk_50'
Slack : 16.215
TNS   : 0.000

Type  : Fast 1200mV 0C Model Recovery 'm_lab7_soc|sdram_pll|sd1|pll7|clk[0]'
Slack : 16.414
TNS   : 0.000

Type  : Fast 1200mV 0C Model Recovery 'altera_reserved_tck'
Slack : 49.318
TNS   : 0.000

Type  : Fast 1200mV 0C Model Removal 'altera_reserved_tck'
Slack : 0.545
TNS   : 0.000

Type  : Fast 1200mV 0C Model Removal 'm_lab7_soc|sdram_pll|sd1|pll7|clk[0]'
Slack : 2.802
TNS   : 0.000

Type  : Fast 1200mV 0C Model Removal 'main_clk_50'
Slack : 3.010
TNS   : 0.000

Type  : Fast 1200mV 0C Model Minimum Pulse Width 'main_clk_50'
Slack : 9.374
TNS   : 0.000

Type  : Fast 1200mV 0C Model Minimum Pulse Width 'm_lab7_soc|sdram_pll|sd1|pll7|clk[0]'
Slack : 9.779
TNS   : 0.000

Type  : Fast 1200mV 0C Model Minimum Pulse Width 'altera_reserved_tck'
Slack : 49.473
TNS   : 0.000

------------------------------------------------------------
