------------------------------------------------------------
TimeQuest Timing Analyzer Summary
------------------------------------------------------------

Type  : Slow 1200mV 85C Model Setup 'nios_system|sdram_pll|sd1|pll7|clk[0]'
Slack : 3.130
TNS   : 0.000

Type  : Slow 1200mV 85C Model Setup 'main_clk_50'
Slack : 7.239
TNS   : 0.000

Type  : Slow 1200mV 85C Model Setup 'altera_reserved_tck'
Slack : 46.810
TNS   : 0.000

Type  : Slow 1200mV 85C Model Hold 'main_clk_50'
Slack : 0.385
TNS   : 0.000

Type  : Slow 1200mV 85C Model Hold 'altera_reserved_tck'
Slack : 0.403
TNS   : 0.000

Type  : Slow 1200mV 85C Model Hold 'nios_system|sdram_pll|sd1|pll7|clk[0]'
Slack : 0.403
TNS   : 0.000

Type  : Slow 1200mV 85C Model Recovery 'main_clk_50'
Slack : 12.965
TNS   : 0.000

Type  : Slow 1200mV 85C Model Recovery 'nios_system|sdram_pll|sd1|pll7|clk[0]'
Slack : 14.806
TNS   : 0.000

Type  : Slow 1200mV 85C Model Recovery 'altera_reserved_tck'
Slack : 47.808
TNS   : 0.000

Type  : Slow 1200mV 85C Model Removal 'altera_reserved_tck'
Slack : 1.159
TNS   : 0.000

Type  : Slow 1200mV 85C Model Removal 'nios_system|sdram_pll|sd1|pll7|clk[0]'
Slack : 3.588
TNS   : 0.000

Type  : Slow 1200mV 85C Model Removal 'main_clk_50'
Slack : 5.437
TNS   : 0.000

Type  : Slow 1200mV 85C Model Minimum Pulse Width 'main_clk_50'
Slack : 9.623
TNS   : 0.000

Type  : Slow 1200mV 85C Model Minimum Pulse Width 'nios_system|sdram_pll|sd1|pll7|clk[0]'
Slack : 9.695
TNS   : 0.000

Type  : Slow 1200mV 85C Model Minimum Pulse Width 'altera_reserved_tck'
Slack : 49.628
TNS   : 0.000

Type  : Slow 1200mV 0C Model Setup 'nios_system|sdram_pll|sd1|pll7|clk[0]'
Slack : 3.681
TNS   : 0.000

Type  : Slow 1200mV 0C Model Setup 'main_clk_50'
Slack : 8.246
TNS   : 0.000

Type  : Slow 1200mV 0C Model Setup 'altera_reserved_tck'
Slack : 47.116
TNS   : 0.000

Type  : Slow 1200mV 0C Model Hold 'main_clk_50'
Slack : 0.338
TNS   : 0.000

Type  : Slow 1200mV 0C Model Hold 'nios_system|sdram_pll|sd1|pll7|clk[0]'
Slack : 0.352
TNS   : 0.000

Type  : Slow 1200mV 0C Model Hold 'altera_reserved_tck'
Slack : 0.355
TNS   : 0.000

Type  : Slow 1200mV 0C Model Recovery 'main_clk_50'
Slack : 13.553
TNS   : 0.000

Type  : Slow 1200mV 0C Model Recovery 'nios_system|sdram_pll|sd1|pll7|clk[0]'
Slack : 15.325
TNS   : 0.000

Type  : Slow 1200mV 0C Model Recovery 'altera_reserved_tck'
Slack : 48.064
TNS   : 0.000

Type  : Slow 1200mV 0C Model Removal 'altera_reserved_tck'
Slack : 1.059
TNS   : 0.000

Type  : Slow 1200mV 0C Model Removal 'nios_system|sdram_pll|sd1|pll7|clk[0]'
Slack : 3.188
TNS   : 0.000

Type  : Slow 1200mV 0C Model Removal 'main_clk_50'
Slack : 4.860
TNS   : 0.000

Type  : Slow 1200mV 0C Model Minimum Pulse Width 'main_clk_50'
Slack : 9.645
TNS   : 0.000

Type  : Slow 1200mV 0C Model Minimum Pulse Width 'nios_system|sdram_pll|sd1|pll7|clk[0]'
Slack : 9.685
TNS   : 0.000

Type  : Slow 1200mV 0C Model Minimum Pulse Width 'altera_reserved_tck'
Slack : 49.573
TNS   : 0.000

Type  : Fast 1200mV 0C Model Setup 'nios_system|sdram_pll|sd1|pll7|clk[0]'
Slack : 5.317
TNS   : 0.000

Type  : Fast 1200mV 0C Model Setup 'main_clk_50'
Slack : 13.548
TNS   : 0.000

Type  : Fast 1200mV 0C Model Setup 'altera_reserved_tck'
Slack : 48.625
TNS   : 0.000

Type  : Fast 1200mV 0C Model Hold 'main_clk_50'
Slack : 0.173
TNS   : 0.000

Type  : Fast 1200mV 0C Model Hold 'nios_system|sdram_pll|sd1|pll7|clk[0]'
Slack : 0.180
TNS   : 0.000

Type  : Fast 1200mV 0C Model Hold 'altera_reserved_tck'
Slack : 0.182
TNS   : 0.000

Type  : Fast 1200mV 0C Model Recovery 'main_clk_50'
Slack : 16.134
TNS   : 0.000

Type  : Fast 1200mV 0C Model Recovery 'nios_system|sdram_pll|sd1|pll7|clk[0]'
Slack : 17.228
TNS   : 0.000

Type  : Fast 1200mV 0C Model Recovery 'altera_reserved_tck'
Slack : 49.092
TNS   : 0.000

Type  : Fast 1200mV 0C Model Removal 'altera_reserved_tck'
Slack : 0.556
TNS   : 0.000

Type  : Fast 1200mV 0C Model Removal 'nios_system|sdram_pll|sd1|pll7|clk[0]'
Slack : 1.860
TNS   : 0.000

Type  : Fast 1200mV 0C Model Removal 'main_clk_50'
Slack : 2.784
TNS   : 0.000

Type  : Fast 1200mV 0C Model Minimum Pulse Width 'main_clk_50'
Slack : 9.371
TNS   : 0.000

Type  : Fast 1200mV 0C Model Minimum Pulse Width 'nios_system|sdram_pll|sd1|pll7|clk[0]'
Slack : 9.780
TNS   : 0.000

Type  : Fast 1200mV 0C Model Minimum Pulse Width 'altera_reserved_tck'
Slack : 49.471
TNS   : 0.000

------------------------------------------------------------
